C:\Users\hughc\OneDrive\文件\project\AWS-AI\Hackathon2026CtrlCity\ml\src\train_nbeats.py:292: DeprecationWarning: datetime.datetime.utcnow() is deprecated and scheduled for removal in a future version. Use timezone-aware objects to represent datetimes in UTC: datetime.datetime.now(datetime.UTC).
  "generatedAt": __import__("datetime").datetime.utcnow().isoformat() + "Z",

=== 平溪國中 (st_86653145416ac6) ===
  bikes train: 2914 rows
  bikes validation: 745 rows
  bikes test: 720 rows
  docks train: 2914 rows
  docks validation: 745 rows
  docks test: 720 rows
  bike threshold=-0.5 (val F1=0.000); dock threshold=-0.5 (val F1=0.000)
  TEST: precision=0.000 recall=0.000 f1=0.000 (tp=0 fp=0 fn=0 tn=720)

=== 新北捷運環狀線南機廠 (st_4cac7851513aec) ===
  bikes train: 5708 rows
  bikes validation: 1488 rows
  bikes test: 1440 rows
  docks train: 5708 rows
  docks validation: 1488 rows
  docks test: 1440 rows
  bike threshold=2.2 (val F1=0.314); dock threshold=-0.5 (val F1=0.000)
  TEST: precision=0.246 recall=0.536 f1=0.337 (tp=97 fp=298 fn=84 tn=961)

=== 金城裕民路口(中正國中) (st_cefa1b3fee735f) ===
  bikes train: 5708 rows
  bikes validation: 1488 rows
  bikes test: 1440 rows
  docks train: 5708 rows
  docks validation: 1488 rows
  docks test: 1440 rows
  bike threshold=2.9 (val F1=0.244); dock threshold=-0.5 (val F1=0.000)
  TEST: precision=0.188 recall=0.569 f1=0.283 (tp=62 fp=267 fn=47 tn=1064)

=== 台水新莊服務所 (st_905a6253b1e815) ===
  bikes train: 5708 rows
  bikes validation: 1488 rows
  bikes test: 1440 rows
  docks train: 5708 rows
  docks validation: 1488 rows
  docks test: 1440 rows
  bike threshold=1.3 (val F1=0.588); dock threshold=-0.5 (val F1=0.000)
  TEST: precision=0.593 recall=0.458 f1=0.517 (tp=70 fp=48 fn=83 tn=1239)

=== 中正思源路口(東北側) (st_c73f9b3d0aebdc) ===
  bikes train: 5708 rows
  bikes validation: 1488 rows
  bikes test: 1440 rows
  docks train: 5708 rows
  docks validation: 1488 rows
  docks test: 1440 rows
  bike threshold=1.4 (val F1=0.636); dock threshold=-0.5 (val F1=0.000)
  TEST: precision=0.532 recall=0.538 f1=0.535 (tp=99 fp=87 fn=85 tn=1169)

=== 捷運七張站(1號出口) (st_e2b5a41a5b6964) ===
  bikes train: 5708 rows
  bikes validation: 1488 rows
  bikes test: 1440 rows
  docks train: 5708 rows
  docks validation: 1488 rows
  docks test: 1440 rows
  bike threshold=3.7 (val F1=0.297); dock threshold=-0.5 (val F1=0.000)
  TEST: precision=0.300 recall=0.784 f1=0.434 (tp=131 fp=305 fn=36 tn=968)

=== 捷運十四張站 (st_f1f74c2b3a6bd1) ===
  bikes train: 5708 rows
  bikes validation: 1488 rows
  bikes test: 1440 rows
  docks train: 5708 rows
  docks validation: 1488 rows
  docks test: 1440 rows
  bike threshold=4.0 (val F1=0.307); dock threshold=-0.5 (val F1=0.000)
  TEST: precision=0.213 recall=0.487 f1=0.297 (tp=38 fp=140 fn=40 tn=1222)

=== 捷運大坪林站(1號出口) (st_21bac96ef28b0d) ===
  bikes train: 5708 rows
  bikes validation: 1488 rows
  bikes test: 1440 rows
  docks train: 5708 rows
  docks validation: 1488 rows
  docks test: 1440 rows
  bike threshold=3.3 (val F1=0.474); dock threshold=-0.5 (val F1=0.000)
  TEST: precision=0.350 recall=0.745 f1=0.477 (tp=137 fp=254 fn=47 tn=1002)

=== 板橋戶政事務所海山辦事處 (st_4b8b908910d8dc) ===
  bikes train: 2012 rows
  bikes validation: 1488 rows
  bikes test: 1440 rows
  docks train: 2012 rows
  docks validation: 1488 rows
  docks test: 1440 rows
  bike threshold=2.6 (val F1=0.434); dock threshold=-0.5 (val F1=0.000)
  TEST: precision=0.190 recall=0.516 f1=0.277 (tp=47 fp=201 fn=44 tn=1148)

=== 忠誠里(北新路2段97巷) (st_a2a50e0208617e) ===
  bikes train: 5708 rows
  bikes validation: 1488 rows
  bikes test: 1440 rows
  docks train: 5708 rows
  docks validation: 1488 rows
  docks test: 1440 rows
  bike threshold=2.9 (val F1=0.339); dock threshold=-0.5 (val F1=0.000)
  TEST: precision=0.198 recall=0.535 f1=0.289 (tp=68 fp=275 fn=59 tn=1038)

=== 中正民權路口 (st_f8b6702dd37bcf) ===
  bikes train: 5708 rows
  bikes validation: 1488 rows
  bikes test: 1440 rows
  docks train: 5708 rows
  docks validation: 1488 rows
  docks test: 1440 rows
  bike threshold=3.4 (val F1=0.249); dock threshold=-0.5 (val F1=0.000)
  TEST: precision=0.164 recall=0.478 f1=0.244 (tp=33 fp=168 fn=36 tn=1203)

=== 文化路二段182巷1弄 (st_19a1d6c3d1b84c) ===
  bikes train: 5708 rows
  bikes validation: 1488 rows
  bikes test: 1440 rows
  docks train: 5708 rows
  docks validation: 1488 rows
  docks test: 1440 rows
  bike threshold=1.5 (val F1=0.685); dock threshold=-0.5 (val F1=0.000)
  TEST: precision=0.567 recall=0.794 f1=0.662 (tp=185 fp=141 fn=48 tn=1066)

=== 捷運新埔站(4號出口) (st_147f91b455c48a) ===
  bikes train: 5708 rows
  bikes validation: 1488 rows
  bikes test: 1440 rows
  docks train: 5708 rows
  docks validation: 1488 rows
  docks test: 1440 rows
  bike threshold=2.6 (val F1=0.575); dock threshold=-0.5 (val F1=0.000)
  TEST: precision=0.419 recall=0.722 f1=0.530 (tp=135 fp=187 fn=52 tn=1066)

=== 十分遊客中心 (st_ac8232157fdd65) ===
  bikes train: 2914 rows
  bikes validation: 745 rows
  bikes test: 720 rows
  docks train: 2914 rows
  docks validation: 745 rows
  docks test: 720 rows
  bike threshold=2.3 (val F1=0.171); dock threshold=-0.5 (val F1=0.000)
  TEST: precision=0.200 recall=0.222 f1=0.211 (tp=2 fp=8 fn=7 tn=703)

=== 捷運新北產業園區站 (st_ec02bec3ca53d8) ===
  bikes train: 5708 rows
  bikes validation: 1488 rows
  bikes test: 1440 rows
  docks train: 5708 rows
  docks validation: 1488 rows
  docks test: 1440 rows
  bike threshold=4.0 (val F1=0.426); dock threshold=-0.5 (val F1=0.000)
  TEST: precision=0.242 recall=0.593 f1=0.343 (tp=80 fp=251 fn=55 tn=1054)

Wrote C:\Users\hughc\OneDrive\文件\project\AWS-AI\Hackathon2026CtrlCity\ml\output\nbeats_evaluation.json
